// Jest Snapshot v1, https://goo.gl/fbAQLP

exports[`Jest Snapshot testing suite Matches DOM Snapshot 1`] = `
<div
  className="py-10 bg-gray-100"
>
  <div
    className="flex items-center justify-center p-12"
  >
    <div
      className="mx-auto w-full max-w-[550px] bg-white"
    >
      <form
        className="py-6 px-9"
      >
        <label
          className="mb-3 block text-base font-medium text-[#07074D]"
        >
          Connect Your Wallet
        </label>
        <label
          className="mb-3 mt-3 block text-base font-medium text-[#07074D]"
        >
          * are required
        </label>
        <div
          className="form-group"
        >
          <input
            className="w-full rounded-md border border-[#e0e0e0] bg-white my-3 py-3 px-6 text-base font-medium text-[#6B7280] outline-none focus:border-[#6A64F1] focus:shadow-md"
            name="name"
            placeholder="Project Name"
            type="text"
          />
        </div>
        <div
          className="form-group"
        >
          <input
            className="w-full rounded-md border border-[#e0e0e0] bg-white my-3 py-3 px-6 text-base font-medium text-[#6B7280] outline-none focus:border-[#6A64F1] focus:shadow-md"
            name="url"
            placeholder="Project URL"
            type="text"
          />
        </div>
        <div
          className="form-group"
        >
          <input
            className="w-full rounded-md border border-[#e0e0e0] bg-white my-3 py-3 px-6 text-base font-medium text-[#6B7280] outline-none focus:border-[#6A64F1] focus:shadow-md"
            name="password"
            placeholder="Enter your password"
            type="password"
          />
        </div>
        <div
          className="form-group"
        >
          <input
            className="w-full rounded-md border border-[#e0e0e0] bg-white my-3 py-3 px-6 text-base font-medium text-[#6B7280] outline-none focus:border-[#6A64F1] focus:shadow-md"
            name="Description"
            placeholder="Description"
            type="text"
          />
        </div>
        <div
          className="form-group"
        >
          <input
            className="w-full rounded-md border border-[#e0e0e0] bg-white my-3 py-3 px-6 text-base font-medium text-[#6B7280] outline-none focus:border-[#6A64F1] focus:shadow-md"
            name="Twitter"
            placeholder="Twitter"
            type="text"
          />
        </div>
        <div
          className="form-group"
        >
          <input
            className="w-full rounded-md border border-[#e0e0e0] bg-white my-3 py-3 px-6 text-base font-medium text-[#6B7280] outline-none focus:border-[#6A64F1] focus:shadow-md"
            name="Discord"
            placeholder="Discord"
            type="text"
          />
        </div>
        <div
          className="form-group"
        >
          <input
            className="w-full rounded-md border border-[#e0e0e0] bg-white my-3 py-3 px-6 text-base font-medium text-[#6B7280] outline-none focus:border-[#6A64F1] focus:shadow-md"
            name="Discord"
            placeholder="Discord"
            type="file"
          />
        </div>
        <button
          className="hover:shadow-form w-full rounded-md bg-[#6A64F1] py-3 px-8 text-center text-base font-semibold text-white outline-none"
          onClick={[Function]}
        >
          Submit
        </button>
      </form>
    </div>
  </div>
</div>
`;
